Executing action: monitor
Running idf_monitor in directory /Users/self/Desktop/salestag/software_v1
Executing "/Users/self/.espressif/python_env/idf5.2_py3.9_env/bin/python /Users/self/esp-idf/tools/idf_monitor.py -p /dev/cu.usbmodem101 -b 115200 --toolchain-prefix xtensa-esp32s3-elf- --target esp32s3 --revision 0 /Users/self/Desktop/salestag/software_v1/build/salestag.elf -m '/Users/self/.espressif/python_env/idf5.2_py3.9_env/bin/python' '/Users/self/esp-idf/tools/idf.py' '-p' '/dev/cu.usbmodem101' '-b' '115200'"...
ESP-ROM:esp32s3-20210327
Build:Mar 27 2021
rst:0x15 (USB_UART_CHIP_RESET),boot:0x8 (SPI_FAST_FLASH_BOOT)
Saved PC:0x403789d2
SPIWP:0xee
mode:DIO, clock div:1
load:0x3fce3810,len:0x178c
load:0x403c9700,len:0x4
load:0x403c9704,len:0xcbc
load:0x403cc700,len:0x2d9c
entry 0x403c9914
[0;32mI (26) boot: ESP-IDF v5.2.2 2nd stage bootloader[0m
[0;32mI (27) boot: compile time Aug 20 2025 12:20:47[0m
[0;32mI (27) boot: Multicore bootloader[0m
[0;32mI (30) boot: chip revision: v0.2[0m
[0;32mI (34) boot.esp32s3: Boot SPI Speed : 80MHz[0m
[0;32mI (38) boot.esp32s3: SPI Mode       : DIO[0m
[0;32mI (43) boot.esp32s3: SPI Flash Size : 2MB[0m
[0;32mI (48) boot: Enabling RNG early entropy source...[0m
[0;32mI (53) boot: Partition Table:[0m
[0;32mI (57) boot: ## Label            Usage          Type ST Offset   Length[0m
[0;32mI (64) boot:  0 nvs              WiFi data        01 02 00009000 00006000[0m
[0;32mI (71) boot:  1 phy_init         RF data          01 01 0000f000 00001000[0m
[0;32mI (79) boot:  2 factory          factory app      00 00 00010000 001f0000[0m
[0;32mI (86) boot: End of partition table[0m
[0;32mI (91) esp_image: segment 0: paddr=00010020 vaddr=3c020020 size=0ba60h ( 47712) map[0m
[0;32mI (108) esp_image: segment 1: paddr=0001ba88 vaddr=3fc92700 size=029bch ( 10684) load[0m
[0;32mI (110) esp_image: segment 2: paddr=0001e44c vaddr=40374000 size=01bcch (  7116) load[0m
[0;32mI (118) esp_image: segment 3: paddr=00020020 vaddr=42000020 size=1f5ach (128428) map[0m
[0;32mI (147) esp_image: segment 4: paddr=0003f5d4 vaddr=40375bcc size=0ca70h ( 51824) load[0m
[0;32mI (165) boot: Loaded app from partition at offset 0x10000[0m
[0;32mI (165) boot: Disabling RNG early entropy source...[0m
[0;32mI (177) cpu_start: Multicore app[0m
[0;32mI (186) cpu_start: Pro cpu start user code[0m
[0;32mI (186) cpu_start: cpu freq: 160000000 Hz[0m
[0;32mI (186) cpu_start: Application information:[0m
[0;32mI (189) cpu_start: Project name:     salestag[0m
[0;32mI (194) cpu_start: App version:      1[0m
[0;32mI (199) cpu_start: Compile time:     Aug 20 2025 12:19:34[0m
[0;32mI (205) cpu_start: ELF file SHA256:  a706b93d4...[0m
[0;32mI (210) cpu_start: ESP-IDF:          v5.2.2[0m
[0;32mI (215) cpu_start: Min chip rev:     v0.0[0m
[0;32mI (220) cpu_start: Max chip rev:     v0.99 [0m
[0;32mI (225) cpu_start: Chip rev:         v0.2[0m
[0;32mI (229) heap_init: Initializing. RAM available for dynamic allocation:[0m
[0;32mI (237) heap_init: At 3FC959C0 len 00053D50 (335 KiB): RAM[0m
[0;32mI (243) heap_init: At 3FCE9710 len 00005724 (21 KiB): RAM[0m
[0;32mI (249) heap_init: At 3FCF0000 len 00008000 (32 KiB): DRAM[0m
[0;32mI (255) heap_init: At 600FE010 len 00001FD8 (7 KiB): RTCRAM[0m
[0;32mI (262) spi_flash: detected chip: gd[0m
[0;32mI (265) spi_flash: flash io: dio[0m
[0;33mW (269) spi_flash: Detected size(8192k) larger than the size in the binary image header(2048k). Using the size in the binary image header.[0m
[0;32mI (283) sleep: Configure to isolate all GPIO pins in sleep state[0m
[0;32mI (289) sleep: Enable automatic switching of GPIO sleep configuration[0m
[0;32mI (297) main_task: Started on CPU0[0m
[0;32mI (307) main_task: Calling app_main()[0m
[0;32mI (307) salestag: BOOT SalesTag R0[0m
[0;33mW (317) salestag: SD card initialization disabled for basic testing[0m
[0;32mI (317) gpio: GPIO[4]| InputEn: 1| OutputEn: 0| OpenDrain: 0| Pullup: 1| Pulldown: 0| Intr:0 [0m
[0;32mI (327) gpio: GPIO[40]| InputEn: 0| OutputEn: 1| OpenDrain: 0| Pullup: 0| Pulldown: 0| Intr:0 [0m
[0;33mW (337) salestag: Recorder not initialized - no SD card[0m
[0;32mI (337) salestag: R0 Init done. Waiting for button press...[0m
[0;32mI (22647) salestag: BTN_DOWN[0m
[0;32mI (22787) salestag: BTN_UP[0m
[0;32mI (22787) salestag: REC_START[0m
Guru Meditation Error: Core  0 panic'ed (LoadProhibited). Exception was unhandled.

Core  0 register dump:
PC      : 0x400556d5  PS      : 0x00060730  A0      : 0x820143d1  A1      : 0x3fc9c580  
A2      : 0x00000000  A3      : 0xfffffffc  A4      : 0x000000ff  A5      : 0x0000ff00  
A6      : 0x00ff0000  A7      : 0xff000000  A8      : 0x00000000  A9      : 0x3fc9c540  
A10     : 0x00000000  A11     : 0x00000001  A12     : 0x3fc9c7c4  A13     : 0x00000000  
A14     : 0x3c025346  A15     : 0x3fc9c794  SAR     : 0x00000004  EXCCAUSE: 0x0000001c  
EXCVADDR: 0x00000000  LBEG    : 0x400556d5  LEND    : 0x400556e5  LCOUNT  : 0xffffffff  


Backtrace: 0x400556d2:0x3fc9c580 0x420143ce:0x3fc9c590 0x42011f71:0x3fc9c8b0 0x4201f541:0x3fc9c8e0 0x4038036d:0x3fc9c910 0x42008859:0x3fc9c960 0x420086d3:0x3fc9c9c0 0x4037aa59:0x3fc9c9f0




ELF file SHA256: a706b93d4

Rebooting...
ESP-ROM:esp32s3-20210327
Build:Mar 27 2021
rst:0xc (RTC_SW_CPU_RST),boot:0x8 (SPI_FAST_FLASH_BOOT)
Saved PC:0x4037587c
SPIWP:0xee
mode:DIO, clock div:1
load:0x3fce3810,len:0x178c
load:0x403c9700,len:0x4
load:0x403c9704,len:0xcbc
load:0x403cc700,len:0x2d9c
entry 0x403c9914
[0;32mI (26) boot: ESP-IDF v5.2.2 2nd stage bootloader[0m
[0;32mI (26) boot: compile time Aug 20 2025 12:20:47[0m
[0;32mI (26) boot: Multicore bootloader[0m
[0;32mI (29) boot: chip revision: v0.2[0m
[0;32mI (33) boot.esp32s3: Boot SPI Speed : 80MHz[0m
[0;32mI (38) boot.esp32s3: SPI Mode       : DIO[0m
[0;32mI (43) boot.esp32s3: SPI Flash Size : 2MB[0m
[0;32mI (47) boot: Enabling RNG early entropy source...[0m
[0;32mI (53) boot: Partition Table:[0m
[0;32mI (56) boot: ## Label            Usage          Type ST Offset   Length[0m
[0;32mI (64) boot:  0 nvs              WiFi data        01 02 00009000 00006000[0m
[0;32mI (71) boot:  1 phy_init         RF data          01 01 0000f000 00001000[0m
[0;32mI (78) boot:  2 factory          factory app      00 00 00010000 001f0000[0m
[0;32mI (86) boot: End of partition table[0m
[0;32mI (90) esp_image: segment 0: paddr=00010020 vaddr=3c020020 size=0ba60h ( 47712) map[0m
[0;32mI (107) esp_image: segment 1: paddr=0001ba88 vaddr=3fc92700 size=029bch ( 10684) load[0m
[0;32mI (110) esp_image: segment 2: paddr=0001e44c vaddr=40374000 size=01bcch (  7116) load[0m
[0;32mI (117) esp_image: segment 3: paddr=00020020 vaddr=42000020 size=1f5ach (128428) map[0m
[0;32mI (147) esp_image: segment 4: paddr=0003f5d4 vaddr=40375bcc size=0ca70h ( 51824) load[0m
[0;32mI (165) boot: Loaded app from partition at offset 0x10000[0m
[0;32mI (165) boot: Disabling RNG early entropy source...[0m
[0;32mI (176) cpu_start: Multicore app[0m
[0;32mI (186) cpu_start: Pro cpu start user code[0m
[0;32mI (186) cpu_start: cpu freq: 160000000 Hz[0m
[0;32mI (186) cpu_start: Application information:[0m
[0;32mI (189) cpu_start: Project name:     salestag[0m
[0;32mI (194) cpu_start: App version:      1[0m
[0;32mI (198) cpu_start: Compile time:     Aug 20 2025 12:19:34[0m
[0;32mI (204) cpu_start: ELF file SHA256:  a706b93d4...[0m
[0;32mI (210) cpu_start: ESP-IDF:          v5.2.2[0m
[0;32mI (214) cpu_start: Min chip rev:     v0.0[0m
[0;32mI (219) cpu_start: Max chip rev:     v0.99 [0m
[0;32mI (224) cpu_start: Chip rev:         v0.2[0m
[0;32mI (229) heap_init: Initializing. RAM available for dynamic allocation:[0m
[0;32mI (236) heap_init: At 3FC959C0 len 00053D50 (335 KiB): RAM[0m
[0;32mI (242) heap_init: At 3FCE9710 len 00005724 (21 KiB): RAM[0m
[0;32mI (248) heap_init: At 3FCF0000 len 00008000 (32 KiB): DRAM[0m
[0;32mI (254) heap_init: At 600FE010 len 00001FD8 (7 KiB): RTCRAM[0m
[0;32mI (262) spi_flash: detected chip: gd[0m
[0;32mI (265) spi_flash: flash io: dio[0m
[0;33mW (269) spi_flash: Detected size(8192k) larger than the size in the binary image header(2048k). Using the size in the binary image header.[0m
[0;32mI (282) sleep: Configure to isolate all GPIO pins in sleep state[0m
[0;32mI (289) sleep: Enable automatic switching of GPIO sleep configuration[0m
[0;32mI (296) main_task: Started on CPU0[0m
[0;32mI (306) main_task: Calling app_main()[0m
[0;32mI (306) salestag: BOOT SalesTag R0[0m
[0;33mW (316) salestag: SD card initialization disabled for basic testing[0m
[0;32mI (316) gpio: GPIO[4]| InputEn: 1| OutputEn: 0| OpenDrain: 0| Pullup: 1| Pulldown: 0| Intr:0 [0m
[0;32mI (326) gpio: GPIO[40]| InputEn: 0| OutputEn: 1| OpenDrain: 0| Pullup: 0| Pulldown: 0| Intr:0 [0m
[0;33mW (336) salestag: Recorder not initialized - no SD card[0m
[0;32mI (336) salestag: R0 Init done. Waiting for button press...[0m
[0;32mI (3446) salestag: BTN_DOWN[0m
[0;32mI (3586) salestag: BTN_UP[0m
[0;32mI (3586) salestag: REC_START[0m
Guru Meditation Error: Core  0 panic'ed (LoadProhibited). Exception was unhandled.

Core  0 register dump:
PC      : 0x400556d5  PS      : 0x00060730  A0      : 0x820143d1  A1      : 0x3fc9c580  
A2      : 0x00000000  A3      : 0xfffffffc  A4      : 0x000000ff  A5      : 0x0000ff00  
A6      : 0x00ff0000  A7      : 0xff000000  A8      : 0x00000000  A9      : 0x3fc9c540  
A10     : 0x00000000  A11     : 0x00000001  A12     : 0x3fc9c7c4  A13     : 0x00000000  
A14     : 0x3c025346  A15     : 0x3fc9c794  SAR     : 0x00000004  EXCCAUSE: 0x0000001c  
EXCVADDR: 0x00000000  LBEG    : 0x400556d5  LEND    : 0x400556e5  LCOUNT  : 0xffffffff  


Backtrace: 0x400556d2:0x3fc9c580 0x420143ce:0x3fc9c590 0x42011f71:0x3fc9c8b0 0x4201f541:0x3fc9c8e0 0x4038036d:0x3fc9c910 0x42008859:0x3fc9c960 0x420086d3:0x3fc9c9c0 0x4037aa59:0x3fc9c9f0




ELF file SHA256: a706b93d4

Rebooting...
ESP-ROM:esp32s3-20210327
Build:Mar 27 2021
rst:0xc (RTC_SW_CPU_RST),boot:0x8 (SPI_FAST_FLASH_BOOT)
Saved PC:0x4037587c
SPIWP:0xee
mode:DIO, clock div:1
load:0x3fce3810,len:0x178c
load:0x403c9700,len:0x4
load:0x403c9704,len:0xcbc
load:0x403cc700,len:0x2d9c
entry 0x403c9914
[0;32mI (26) boot: ESP-IDF v5.2.2 2nd stage bootloader[0m
[0;32mI (26) boot: compile time Aug 20 2025 12:20:47[0m
[0;32mI (26) boot: Multicore bootloader[0m
[0;32mI (29) boot: chip revision: v0.2[0m
[0;32mI (33) boot.esp32s3: Boot SPI Speed : 80MHz[0m
[0;32mI (38) boot.esp32s3: SPI Mode       : DIO[0m
[0;32mI (43) boot.esp32s3: SPI Flash Size : 2MB[0m
[0;32mI (47) boot: Enabling RNG early entropy source...[0m
[0;32mI (53) boot: Partition Table:[0m
[0;32mI (56) boot: ## Label            Usage          Type ST Offset   Length[0m
[0;32mI (64) boot:  0 nvs              WiFi data        01 02 00009000 00006000[0m
[0;32mI (71) boot:  1 phy_init         RF data          01 01 0000f000 00001000[0m
[0;32mI (78) boot:  2 factory          factory app      00 00 00010000 001f0000[0m
[0;32mI (86) boot: End of partition table[0m
[0;32mI (90) esp_image: segment 0: paddr=00010020 vaddr=3c020020 size=0ba60h ( 47712) map[0m
[0;32mI (107) esp_image: segment 1: paddr=0001ba88 vaddr=3fc92700 size=029bch ( 10684) load[0m
[0;32mI (110) esp_image: segment 2: paddr=0001e44c vaddr=40374000 size=01bcch (  7116) load[0m
[0;32mI (117) esp_image: segment 3: paddr=00020020 vaddr=42000020 size=1f5ach (128428) map[0m
[0;32mI (147) esp_image: segment 4: paddr=0003f5d4 vaddr=40375bcc size=0ca70h ( 51824) load[0m
[0;32mI (165) boot: Loaded app from partition at offset 0x10000[0m
[0;32mI (165) boot: Disabling RNG early entropy source...[0m
[0;32mI (176) cpu_start: Multicore app[0m
[0;32mI (186) cpu_start: Pro cpu start user code[0m
[0;32mI (186) cpu_start: cpu freq: 160000000 Hz[0m
[0;32mI (186) cpu_start: Application information:[0m
[0;32mI (189) cpu_start: Project name:     salestag[0m
[0;32mI (194) cpu_start: App version:      1[0m
[0;32mI (198) cpu_start: Compile time:     Aug 20 2025 12:19:34[0m
[0;32mI (204) cpu_start: ELF file SHA256:  a706b93d4...[0m
[0;32mI (210) cpu_start: ESP-IDF:          v5.2.2[0m
[0;32mI (214) cpu_start: Min chip rev:     v0.0[0m
[0;32mI (219) cpu_start: Max chip rev:     v0.99 [0m
[0;32mI (224) cpu_start: Chip rev:         v0.2[0m
[0;32mI (229) heap_init: Initializing. RAM available for dynamic allocation:[0m
[0;32mI (236) heap_init: At 3FC959C0 len 00053D50 (335 KiB): RAM[0m
[0;32mI (242) heap_init: At 3FCE9710 len 00005724 (21 KiB): RAM[0m
[0;32mI (248) heap_init: At 3FCF0000 len 00008000 (32 KiB): DRAM[0m
[0;32mI (254) heap_init: At 600FE010 len 00001FD8 (7 KiB): RTCRAM[0m
[0;32mI (262) spi_flash: detected chip: gd[0m
[0;32mI (265) spi_flash: flash io: dio[0m
[0;33mW (269) spi_flash: Detected size(8192k) larger than the size in the binary image header(2048k). Using the size in the binary image header.[0m
[0;32mI (282) sleep: Configure to isolate all GPIO pins in sleep state[0m
[0;32mI (289) sleep: Enable automatic switching of GPIO sleep configuration[0m
[0;32mI (296) main_task: Started on CPU0[0m
[0;32mI (306) main_task: Calling app_main()[0m
[0;32mI (306) salestag: BOOT SalesTag R0[0m
[0;33mW (316) salestag: SD card initialization disabled for basic testing[0m
[0;32mI (316) gpio: GPIO[4]| InputEn: 1| OutputEn: 0| OpenDrain: 0| Pullup: 1| Pulldown: 0| Intr:0 [0m
[0;32mI (326) gpio: GPIO[40]| InputEn: 0| OutputEn: 1| OpenDrain: 0| Pullup: 0| Pulldown: 0| Intr:0 [0m
[0;33mW (336) salestag: Recorder not initialized - no SD card[0m
[0;32mI (336) salestag: R0 Init done. Waiting for button press...[0m
[0;32mI (2097) salestag: BTN_DOWN[0m
[0;32mI (2277) salestag: BTN_UP[0m
[0;32mI (2277) salestag: REC_START[0m
Guru Meditation Error: Core  0 panic'ed (LoadProhibited). Exception was unhandled.

Core  0 register dump:
PC      : 0x400556d5  PS      : 0x00060730  A0      : 0x820143d1  A1      : 0x3fc9c580  
A2      : 0x00000000  A3      : 0xfffffffc  A4      : 0x000000ff  A5      : 0x0000ff00  
A6      : 0x00ff0000  A7      : 0xff000000  A8      : 0x00000000  A9      : 0x3fc9c540  
A10     : 0x00000000  A11     : 0x00000001  A12     : 0x3fc9c7c4  A13     : 0x00000000  
A14     : 0x3c025346  A15     : 0x3fc9c794  SAR     : 0x00000004  EXCCAUSE: 0x0000001c  
EXCVADDR: 0x00000000  LBEG    : 0x400556d5  LEND    : 0x400556e5  LCOUNT  : 0xffffffff  


Backtrace: 0x400556d2:0x3fc9c580 0x420143ce:0x3fc9c590 0x42011f71:0x3fc9c8b0 0x4201f541:0x3fc9c8e0 0x4038036d:0x3fc9c910 0x42008859:0x3fc9c960 0x420086d3:0x3fc9c9c0 0x4037aa59:0x3fc9c9f0




ELF file SHA256: a706b93d4

Rebooting...
ESP-ROM:esp32s3-20210327
Build:Mar 27 2021
rst:0xc (RTC_SW_CPU_RST),boot:0x2b (SPI_FAST_FLASH_BOOT)
Saved PC:0x4037587c
SPIWP:0xee
mode:DIO, clock div:1
load:0x3fce3810,len:0x178c
load:0x403c9700,len:0x4
load:0x403c9704,len:0xcbc
load:0x403cc700,len:0x2d9c
entry 0x403c9914
[0;32mI (26) boot: ESP-IDF v5.2.2 2nd stage bootloader[0m
[0;32mI (26) boot: compile time Aug 20 2025 12:20:47[0m
[0;32mI (26) boot: Multicore bootloader[0m
[0;32mI (29) boot: chip revision: v0.2[0m
[0;32mI (33) boot.esp32s3: Boot SPI Speed : 80MHz[0m
[0;32mI (38) boot.esp32s3: SPI Mode       : DIO[0m
[0;32mI (43) boot.esp32s3: SPI Flash Size : 2MB[0m
[0;32mI (47) boot: Enabling RNG early entropy source...[0m
[0;32mI (53) boot: Partition Table:[0m
[0;32mI (56) boot: ## Label            Usage          Type ST Offset   Length[0m
[0;32mI (64) boot:  0 nvs              WiFi data        01 02 00009000 00006000[0m
[0;32mI (71) boot:  1 phy_init         RF data          01 01 0000f000 00001000[0m
[0;32mI (79) boot:  2 factory          factory app      00 00 00010000 001f0000[0m
[0;32mI (86) boot: End of partition table[0m
[0;32mI (90) esp_image: segment 0: paddr=00010020 vaddr=3c020020 size=0ba60h ( 47712) map[0m
[0;32mI (107) esp_image: segment 1: paddr=0001ba88 vaddr=3fc92700 size=029bch ( 10684) load[0m
[0;32mI (110) esp_image: segment 2: paddr=0001e44c vaddr=40374000 size=01bcch (  7116) load[0m
[0;32mI (117) esp_image: segment 3: paddr=00020020 vaddr=42000020 size=1f5ach (128428) map[0m
[0;32mI (147) esp_image: segment 4: paddr=0003f5d4 vaddr=40375bcc size=0ca70h ( 51824) load[0m
[0;32mI (165) boot: Loaded app from partition at offset 0x10000[0m
[0;32mI (165) boot: Disabling RNG early entropy source...[0m
[0;32mI (176) cpu_start: Multicore app[0m
[0;32mI (186) cpu_start: Pro cpu start user code[0m
[0;32mI (186) cpu_start: cpu freq: 160000000 Hz[0m
[0;32mI (186) cpu_start: Application information:[0m
[0;32mI (189) cpu_start: Project name:     salestag[0m
[0;32mI (194) cpu_start: App version:      1[0m
[0;32mI (198) cpu_start: Compile time:     Aug 20 2025 12:19:34[0m
[0;32mI (204) cpu_start: ELF file SHA256:  a706b93d4...[0m
[0;32mI (210) cpu_start: ESP-IDF:          v5.2.2[0m
[0;32mI (215) cpu_start: Min chip rev:     v0.0[0m
[0;32mI (219) cpu_start: Max chip rev:     v0.99 [0m
[0;32mI (224) cpu_start: Chip rev:         v0.2[0m
[0;32mI (229) heap_init: Initializing. RAM available for dynamic allocation:[0m
[0;32mI (236) heap_init: At 3FC959C0 len 00053D50 (335 KiB): RAM[0m
[0;32mI (242) heap_init: At 3FCE9710 len 00005724 (21 KiB): RAM[0m
[0;32mI (248) heap_init: At 3FCF0000 len 00008000 (32 KiB): DRAM[0m
[0;32mI (254) heap_init: At 600FE010 len 00001FD8 (7 KiB): RTCRAM[0m
[0;32mI (262) spi_flash: detected chip: gd[0m
[0;32mI (265) spi_flash: flash io: dio[0m
[0;33mW (269) spi_flash: Detected size(8192k) larger than the size in the binary image header(2048k). Using the size in the binary image header.[0m
[0;32mI (282) sleep: Configure to isolate all GPIO pins in sleep state[0m
[0;32mI (289) sleep: Enable automatic switching of GPIO sleep configuration[0m
[0;32mI (296) main_task: Started on CPU0[0m
[0;32mI (306) main_task: Calling app_main()[0m
[0;32mI (306) salestag: BOOT SalesTag R0[0m
[0;33mW (316) salestag: SD card initialization disabled for basic testing[0m
[0;32mI (316) gpio: GPIO[4]| InputEn: 1| OutputEn: 0| OpenDrain: 0| Pullup: 1| Pulldown: 0| Intr:0 [0m
[0;32mI (326) gpio: GPIO[40]| InputEn: 0| OutputEn: 1| OpenDrain: 0| Pullup: 0| Pulldown: 0| Intr:0 [0m
[0;33mW (336) salestag: Recorder not initialized - no SD card[0m
[0;32mI (336) salestag: R0 Init done. Waiting for button press...[0m
